]0;~[?2004hrstudio@450f4f14acfb:~$ [Krstudio@450f4f14acfb:~$ git status
[?2004lOn branch main
Untracked files:
  (use "git add <file>..." to include in what will be committed)
	[31m.config/[m
	[31m.local/[m
	[31mREADME.md[m

nothing added to commit but untracked files present (use "git add" to track)
]0;~[?2004hrstudio@450f4f14acfb:~$ git remove -b[Kv
[?2004lgit: 'remove' is not a git command. See 'git --help'.

The most similar command is
	remote
]0;~[?2004hrstudio@450f4f14acfb:~$ git remove -v[1P[1@t
[?2004lorigin	https://github.com/weyseing/car_evaluation.git (fetch)
origin	https://github.com/weyseing/car_evaluation.git (push)
]0;~[?2004hrstudio@450f4f14acfb:~$ git add .
[?2004l]0;~[?2004hrstudio@450f4f14acfb:~$ git status
[?2004lOn branch main
Changes to be committed:
  (use "git restore --staged <file>..." to unstage)
	[32mnew file:   .config/rstudio/rstudio-prefs.json[m
	[32mnew file:   .local/share/rstudio/addin_registry[m
	[32mnew file:   .local/share/rstudio/client-state/environment-grid.persistent[m
	[32mnew file:   .local/share/rstudio/client-state/source-column-manager.persistent[m
	[32mnew file:   .local/share/rstudio/client-state/themes.persistent[m
	[32mnew file:   .local/share/rstudio/client-state/workbenchp.persistent[m
	[32mnew file:   .local/share/rstudio/history_database[m
	[32mnew file:   .local/share/rstudio/monitored/lists/command_palette_mru[m
	[32mnew file:   .local/share/rstudio/monitored/lists/file_mru[m
	[32mnew file:   .local/share/rstudio/monitored/lists/help_history_links[m
	[32mnew file:   .local/share/rstudio/monitored/lists/plot_publish_mru[m
	[32mnew file:   .local/share/rstudio/monitored/lists/project_mru[m
	[32mnew file:   .local/share/rstudio/monitored/lists/project_name_mru[m
	[32mnew file:   .local/share/rstudio/monitored/lists/user_dictionary[m
	[32mnew file:   .local/share/rstudio/notebooks/patch-chunk-names[m
	[32mnew file:   .local/share/rstudio/pcs/files-pane.pper[m
	[32mnew file:   .local/share/rstudio/pcs/source-pane.pper[m
	[32mnew file:   .local/share/rstudio/pcs/windowlayoutstate.pper[m
	[32mnew file:   .local/share/rstudio/pcs/workbench-pane.pper[m
	[32mnew file:   .local/share/rstudio/persistent-state[m
	[32mnew file:   .local/share/rstudio/projects/none/console07/A67E4A1E[m
	[32mnew file:   .local/share/rstudio/projects/none/console07/INDEX001[m
	[32mnew file:   .local/share/rstudio/projects_settings/last-project-path[m
	[32mnew file:   .local/share/rstudio/projects_settings/project-id-mappings[m
	[32mnew file:   .local/share/rstudio/rstudio-server.json[m
	[32mnew file:   .local/share/rstudio/sessions/active/session-2a219308/graphics-r3/empty.png[m
	[32mnew file:   .local/share/rstudio/sessions/active/session-2a219308/properites/activity_state[m
	[32mnew file:   .local/share/rstudio/sessions/active/session-2a219308/properites/blocking_suspend[m
	[32mnew file:   .local/share/rstudio/sessions/active/session-2a219308/properites/created[m
	[32mnew file:   .local/share/rstudio/sessions/active/session-2a219308/properites/editor[m
	[32mnew file:   .local/share/rstudio/sessions/active/session-2a219308/properites/initial[m
	[32mnew file:   .local/share/rstudio/sessions/active/session-2a219308/properites/label[m
	[32mnew file:   .local/share/rstudio/sessions/active/session-2a219308/properites/last-used[m
	[32mnew file:   .local/share/rstudio/sessions/active/session-2a219308/properites/last_resumed[m
	[32mnew file:   .local/share/rstudio/sessions/active/session-2a219308/properites/last_state_updated[m
	[32mnew file:   .local/share/rstudio/sessions/active/session-2a219308/properites/launch-parameters[m
	[32mnew file:   .local/share/rstudio/sessions/active/session-2a219308/properites/project[m
	[32mnew file:   .local/share/rstudio/sessions/active/session-2a219308/properites/r-version[m
	[32mnew file:   .local/share/rstudio/sessions/active/session-2a219308/properites/r-version-home[m
	[32mnew file:   .local/share/rstudio/sessions/active/session-2a219308/properites/r-version-label[m
	[32mnew file:   .local/share/rstudio/sessions/active/session-2a219308/properites/running[m
	[32mnew file:   .local/share/rstudio/sessions/active/session-2a219308/properites/save_prompt_required[m
	[32mnew file:   .local/share/rstudio/sessions/active/session-2a219308/properites/working-dir[m
	[32mnew file:   .local/share/rstudio/sessions/active/session-2a219308/session-persistent-state[m
	[32mnew file:   .local/share/rstudio/sources/session-2a219308/lock_file[m
	[32mnew file:   README.md[m

Changes not staged for commit:
  (use "git add <file>..." to update what will be committed)
  (use "git restore <file>..." to discard changes in working directory)
	[31mmodified:   .local/share/rstudio/projects/none/console07/A67E4A1E[m

]0;~[?2004hrstudio@450f4f14acfb:~$ git commit -m "update"
[?2004lAuthor identity unknown

*** Please tell me who you are.

Run

  git config --global user.email "you@example.com"
  git config --global user.name "Your Name"

to set your account's default identity.
Omit --global to set the identity only in this repository.

fatal: unable to auto-detect email address (got 'rstudio@450f4f14acfb.(none)')
]0;~[?2004hrstudio@450f4f14acfb:~$ git push origin main
[?2004lUsername for 'https://github.com': Jeremy Hen          hengweyseing53
Password for 'https://hengweyseing53@github.com': 
]0;~[?2004hrstudio@450f4f14acfb:~$ 